// Jest Snapshot v1, https://goo.gl/fbAQLP

exports[`if compiled module matches with snapshot 1`] = `
Object {
  "functionBody": Array [
    50,
    0,
    65,
    0,
    40,
    2,
    0,
    40,
    2,
    0,
    65,
    0,
    74,
    4,
    64,
    65,
    0,
    40,
    2,
    0,
    40,
    2,
    0,
    65,
    0,
    74,
    4,
    64,
    65,
    0,
    65,
    255,
    255,
    1,
    54,
    2,
    0,
    12,
    2,
    5,
    11,
    5,
    11,
    65,
    0,
    65,
    0,
    54,
    2,
    0,
    11,
  ],
  "memoryMap": Array [
    Object {
      "address": 0,
      "default": 0,
      "type": 5,
    },
    Object {
      "address": 0,
      "default": 0,
      "id": "in:1",
      "type": 3,
    },
    Object {
      "address": 0,
      "default": 0,
      "id": "in:2",
      "type": 3,
    },
    Object {
      "address": 0,
      "default": 0,
      "id": "out",
      "type": 4,
    },
  ],
  "moduleId": "id",
  "offset": 0,
}
`;
