// Jest Snapshot v1, https://goo.gl/fbAQLP

exports[`if compiled module matches with snapshot 1`] = `
Object {
  "byteAddress": 0,
  "functionBody": Array [
    61,
    1,
    1,
    127,
    65,
    0,
    65,
    0,
    40,
    2,
    0,
    40,
    2,
    0,
    65,
    0,
    40,
    2,
    0,
    106,
    33,
    0,
    32,
    0,
    65,
    255,
    255,
    1,
    78,
    4,
    127,
    65,
    255,
    255,
    1,
    5,
    32,
    0,
    11,
    33,
    0,
    32,
    0,
    65,
    128,
    128,
    126,
    76,
    4,
    127,
    65,
    128,
    128,
    126,
    5,
    32,
    0,
    11,
    54,
    2,
    0,
    11,
  ],
  "memoryMap": Array [
    Object {
      "address": 0,
      "default": 0,
      "type": 5,
    },
    Object {
      "address": 1,
      "default": 0,
      "id": "in",
      "type": 3,
    },
    Object {
      "address": 2,
      "default": 0,
      "id": "offset",
      "type": 6,
    },
    Object {
      "address": 3,
      "default": 0,
      "id": "out",
      "type": 4,
    },
  ],
  "moduleId": "id",
  "wordAddress": 0,
}
`;
