// Jest Snapshot v1, https://goo.gl/fbAQLP

exports[`if compiled module matches with snapshot 1`] = `
Object {
  "byteAddress": 0,
  "functionBody": Array [
    118,
    1,
    2,
    127,
    65,
    0,
    40,
    2,
    0,
    33,
    0,
    32,
    0,
    69,
    4,
    127,
    65,
    0,
    40,
    2,
    0,
    5,
    32,
    0,
    11,
    33,
    0,
    32,
    0,
    65,
    1,
    113,
    65,
    0,
    117,
    32,
    1,
    115,
    33,
    1,
    32,
    0,
    65,
    4,
    113,
    65,
    2,
    117,
    32,
    1,
    115,
    33,
    1,
    32,
    0,
    65,
    8,
    113,
    65,
    3,
    117,
    32,
    1,
    115,
    33,
    1,
    32,
    0,
    65,
    32,
    113,
    65,
    5,
    117,
    32,
    1,
    115,
    33,
    1,
    32,
    0,
    65,
    1,
    118,
    33,
    0,
    32,
    1,
    69,
    4,
    127,
    32,
    0,
    5,
    32,
    0,
    65,
    128,
    128,
    128,
    128,
    120,
    114,
    11,
    33,
    0,
    65,
    0,
    32,
    0,
    65,
    255,
    255,
    1,
    111,
    54,
    2,
    0,
    11,
  ],
  "memoryMap": Array [
    Object {
      "address": 0,
      "default": 69420,
      "type": 5,
    },
    Object {
      "address": 1,
      "default": 0,
      "id": "out",
      "type": 4,
    },
  ],
  "moduleId": "id",
  "wordAddress": 0,
}
`;
