// Jest Snapshot v1, https://goo.gl/fbAQLP

exports[`adc if the generated memory map matches with the snapshot 1`] = `
Map {
  "default" => Object {
    "byteAddress": 0,
    "default": 0,
    "relativeWordAddress": 0,
    "type": 5,
    "wordSize": 1,
  },
  "in" => Object {
    "byteAddress": 4,
    "default": 0,
    "relativeWordAddress": 1,
    "type": 3,
    "wordSize": 1,
  },
  "out:1" => Object {
    "byteAddress": 8,
    "default": 0,
    "relativeWordAddress": 2,
    "type": 4,
    "wordSize": 1,
  },
  "out:2" => Object {
    "byteAddress": 12,
    "default": 0,
    "relativeWordAddress": 3,
    "type": 4,
    "wordSize": 1,
  },
  "out:3" => Object {
    "byteAddress": 16,
    "default": 0,
    "relativeWordAddress": 4,
    "type": 4,
    "wordSize": 1,
  },
  "out:4" => Object {
    "byteAddress": 20,
    "default": 0,
    "relativeWordAddress": 5,
    "type": 4,
    "wordSize": 1,
  },
  "out:5" => Object {
    "byteAddress": 24,
    "default": 0,
    "relativeWordAddress": 6,
    "type": 4,
    "wordSize": 1,
  },
  "out:6" => Object {
    "byteAddress": 28,
    "default": 0,
    "relativeWordAddress": 7,
    "type": 4,
    "wordSize": 1,
  },
  "out:7" => Object {
    "byteAddress": 32,
    "default": 0,
    "relativeWordAddress": 8,
    "type": 4,
    "wordSize": 1,
  },
  "out:8" => Object {
    "byteAddress": 36,
    "default": 0,
    "relativeWordAddress": 9,
    "type": 4,
    "wordSize": 1,
  },
}
`;

exports[`adc if the wat code matches with the snapshot 1`] = `
"(module
  (type (;0;) (func))
  (import \\"js\\" \\"memory\\" (memory (;0;) 1))
  (func (;0;) (type 0)
    (local i32)
    i32.const 4
    i32.load
    i32.load
    i32.const 128
    i32.div_s
    local.set 0
    i32.const 8
    local.get 0
    i32.const 1
    i32.and
    i32.const 0
    i32.gt_s
    if (result i32)  ;; label = @1
      i32.const 32767
    else
      i32.const 0
    end
    i32.store
    i32.const 12
    local.get 0
    i32.const 2
    i32.and
    i32.const 0
    i32.gt_s
    if (result i32)  ;; label = @1
      i32.const 32767
    else
      i32.const 0
    end
    i32.store
    i32.const 16
    local.get 0
    i32.const 4
    i32.and
    i32.const 0
    i32.gt_s
    if (result i32)  ;; label = @1
      i32.const 32767
    else
      i32.const 0
    end
    i32.store
    i32.const 20
    local.get 0
    i32.const 8
    i32.and
    i32.const 0
    i32.gt_s
    if (result i32)  ;; label = @1
      i32.const 32767
    else
      i32.const 0
    end
    i32.store
    i32.const 24
    local.get 0
    i32.const 16
    i32.and
    i32.const 0
    i32.gt_s
    if (result i32)  ;; label = @1
      i32.const 32767
    else
      i32.const 0
    end
    i32.store
    i32.const 28
    local.get 0
    i32.const 32
    i32.and
    i32.const 0
    i32.gt_s
    if (result i32)  ;; label = @1
      i32.const 32767
    else
      i32.const 0
    end
    i32.store
    i32.const 32
    local.get 0
    i32.const 64
    i32.and
    i32.const 0
    i32.gt_s
    if (result i32)  ;; label = @1
      i32.const 32767
    else
      i32.const 0
    end
    i32.store
    i32.const 36
    local.get 0
    i32.const 128
    i32.and
    i32.const 0
    i32.gt_s
    if (result i32)  ;; label = @1
      i32.const 32767
    else
      i32.const 0
    end
    i32.store)
  (export \\"test\\" (func 0)))
"
`;
