// Jest Snapshot v1, https://goo.gl/fbAQLP

exports[`functional tests if the generated memory map matches with the snapshot 1`] = `
Array [
  Object {
    "address": 0,
    "byteAddress": 0,
    "default": 0,
    "id": "default1",
    "size": 1,
    "type": 5,
    "usage": 0,
  },
  Object {
    "address": 1,
    "byteAddress": 4,
    "default": 0,
    "id": "default2",
    "size": 1,
    "type": 5,
    "usage": 0,
  },
  Object {
    "address": 2,
    "byteAddress": 8,
    "default": 0,
    "id": "in:1",
    "size": 1,
    "type": 3,
    "usage": 1,
  },
  Object {
    "address": 3,
    "byteAddress": 12,
    "default": 4,
    "id": "in:2",
    "size": 1,
    "type": 3,
    "usage": 1,
  },
  Object {
    "address": 4,
    "byteAddress": 16,
    "default": 0,
    "id": "out",
    "size": 1,
    "type": 4,
    "usage": 0,
  },
]
`;

exports[`functional tests if the wat code matches with the snapshot 1`] = `
"(module
  (type (;0;) (func))
  (import \\"js\\" \\"memory\\" (memory (;0;) 1))
  (func (;0;) (type 0)
    i32.const 16
    i32.const 8
    i32.load
    i32.load
    i32.const 12
    i32.load
    i32.load
    i32.xor
    i32.store)
  (export \\"test\\" (func 0)))
"
`;
