// Jest Snapshot v1, https://goo.gl/fbAQLP

exports[`functional tests if the generated memory map matches with the snapshot 1`] = `
Map {
  "defaultValue" => Object {
    "address": 0,
    "byteAddress": 0,
    "default": 0,
    "size": 1,
    "type": 5,
    "usage": 0,
  },
  "in:1" => Object {
    "address": 1,
    "byteAddress": 4,
    "default": 0,
    "size": 1,
    "type": 3,
    "usage": 1,
  },
  "in:2" => Object {
    "address": 2,
    "byteAddress": 8,
    "default": 0,
    "size": 1,
    "type": 3,
    "usage": 2,
  },
  "out" => Object {
    "address": 3,
    "byteAddress": 12,
    "default": 0,
    "size": 1,
    "type": 4,
    "usage": 0,
  },
}
`;

exports[`functional tests if the wat code matches with the snapshot 1`] = `
"(module
  (type (;0;) (func))
  (import \\"js\\" \\"memory\\" (memory (;0;) 1))
  (func (;0;) (type 0)
    block  ;; label = @1
      i32.const 4
      i32.load
      i32.load
      i32.const 0
      i32.gt_s
      if  ;; label = @2
        i32.const 8
        i32.load
        i32.load
        i32.const 0
        i32.gt_s
        br_if 1 (;@1;)
      else
        i32.const 8
        i32.load
        i32.load
        i32.const 0
        i32.le_s
        br_if 1 (;@1;)
      end
      i32.const 12
      i32.const 32767
      i32.store
      br 1 (;@0;)
    end
    i32.const 12
    i32.const 0
    i32.store)
  (export \\"test\\" (func 0)))
"
`;
