// Jest Snapshot v1, https://goo.gl/fbAQLP

exports[`square generator module if the generated memory map matches with the snapshot 1`] = `
Map {
  "counter" => Object {
    "address": 0,
    "byteAddress": 0,
    "default": 0,
    "size": 1,
    "type": 5,
  },
  "rate" => Object {
    "address": 1,
    "byteAddress": 4,
    "default": 0,
    "size": 1,
    "type": 6,
  },
  "out" => Object {
    "address": 2,
    "byteAddress": 8,
    "default": 0,
    "size": 1,
    "type": 4,
  },
}
`;

exports[`square generator module if the wat code matches with the snapshot 1`] = `
"(module
  (type (;0;) (func))
  (import \\"js\\" \\"memory\\" (memory (;0;) 1))
  (func (;0;) (type 0)
    (local i32 i32 i32)
    i32.const 8
    i32.load
    local.set 1
    i32.const 0
    i32.load
    local.set 0
    i32.const 4
    i32.load
    local.set 2
    local.get 0
    local.get 2
    i32.ge_s
    if (result i32)  ;; label = @1
      local.get 1
      i32.eqz
      if (result i32)  ;; label = @2
        i32.const 32767
      else
        i32.const 0
      end
      local.set 1
      i32.const 0
    else
      local.get 0
      i32.const 1
      i32.add
    end
    local.set 0
    i32.const 8
    local.get 1
    i32.store
    i32.const 0
    local.get 0
    i32.store)
  (export \\"test\\" (func 0)))
"
`;
