// Jest Snapshot v1, https://goo.gl/fbAQLP

exports[`compiler generateMemoryAddressLookup 1`] = `
Map {
  "abs__startAddress" => 0,
  "absDEFAULT_VALUE" => 0,
  "absin" => 1,
  "absout" => 2,
}
`;
