// Jest Snapshot v1, https://goo.gl/fbAQLP

exports[`moduleCompiler ast 1`] = `
Array [
  Object {
    "arguments": Array [
      Object {
        "type": "identifier",
        "value": "abs",
      },
    ],
    "instruction": "module",
    "lineNumber": 2,
  },
  Object {
    "arguments": Array [
      Object {
        "type": "identifier",
        "value": "DEFAULT_VALUE",
      },
      Object {
        "type": "literal",
        "value": -1,
      },
    ],
    "instruction": "private",
    "lineNumber": 5,
  },
  Object {
    "arguments": Array [
      Object {
        "type": "identifier",
        "value": "in:1",
      },
      Object {
        "type": "identifier",
        "value": "&DEFAULT_VALUE",
      },
    ],
    "instruction": "inputPointer",
    "lineNumber": 6,
  },
  Object {
    "arguments": Array [
      Object {
        "type": "identifier",
        "value": "out",
      },
      Object {
        "type": "literal",
        "value": 0,
      },
    ],
    "instruction": "output",
    "lineNumber": 7,
  },
  Object {
    "arguments": Array [
      Object {
        "type": "identifier",
        "value": "arr",
      },
      Object {
        "type": "literal",
        "value": 32,
      },
      Object {
        "type": "literal",
        "value": -1,
      },
    ],
    "instruction": "array",
    "lineNumber": 8,
  },
  Object {
    "arguments": Array [
      Object {
        "type": "identifier",
        "value": "input",
      },
    ],
    "instruction": "local",
    "lineNumber": 11,
  },
  Object {
    "arguments": Array [
      Object {
        "type": "identifier",
        "value": "out",
      },
    ],
    "instruction": "push",
    "lineNumber": 14,
  },
  Object {
    "arguments": Array [
      Object {
        "type": "identifier",
        "value": "in:1",
      },
    ],
    "instruction": "push",
    "lineNumber": 15,
  },
  Object {
    "arguments": Array [],
    "instruction": "load",
    "lineNumber": 16,
  },
  Object {
    "arguments": Array [],
    "instruction": "load",
    "lineNumber": 17,
  },
  Object {
    "arguments": Array [
      Object {
        "type": "identifier",
        "value": "input",
      },
    ],
    "instruction": "localSet",
    "lineNumber": 18,
  },
  Object {
    "arguments": Array [
      Object {
        "type": "identifier",
        "value": "input",
      },
    ],
    "instruction": "localGet",
    "lineNumber": 19,
  },
  Object {
    "arguments": Array [
      Object {
        "type": "literal",
        "value": 0,
      },
    ],
    "instruction": "push",
    "lineNumber": 20,
  },
  Object {
    "arguments": Array [],
    "instruction": "lessThan",
    "lineNumber": 21,
  },
  Object {
    "arguments": Array [],
    "instruction": "if",
    "lineNumber": 22,
  },
  Object {
    "arguments": Array [
      Object {
        "type": "literal",
        "value": 0,
      },
    ],
    "instruction": "push",
    "lineNumber": 23,
  },
  Object {
    "arguments": Array [
      Object {
        "type": "identifier",
        "value": "input",
      },
    ],
    "instruction": "localGet",
    "lineNumber": 24,
  },
  Object {
    "arguments": Array [],
    "instruction": "sub",
    "lineNumber": 25,
  },
  Object {
    "arguments": Array [],
    "instruction": "else",
    "lineNumber": 26,
  },
  Object {
    "arguments": Array [
      Object {
        "type": "identifier",
        "value": "input",
      },
    ],
    "instruction": "localGet",
    "lineNumber": 27,
  },
  Object {
    "arguments": Array [],
    "instruction": "end",
    "lineNumber": 28,
  },
  Object {
    "arguments": Array [],
    "instruction": "store",
    "lineNumber": 29,
  },
]
`;

exports[`moduleCompiler compiled code 1`] = `
Array [
  44,
  1,
  1,
  127,
  65,
  8,
  40,
  2,
  0,
  65,
  4,
  40,
  2,
  0,
  40,
  2,
  0,
  40,
  2,
  0,
  40,
  2,
  0,
  33,
  0,
  32,
  0,
  65,
  0,
  72,
  4,
  127,
  65,
  0,
  32,
  0,
  107,
  5,
  32,
  0,
  11,
  54,
  2,
  0,
  11,
]
`;
