// Jest Snapshot v1, https://goo.gl/fbAQLP

exports[`logicOr if the generated ast matches with the snapshot 1`] = `
Array [
  Object {
    "arguments": Array [
      Object {
        "type": "identifier",
        "value": "logucOr",
      },
    ],
    "instruction": "module",
    "lineNumber": 0,
  },
  Object {
    "arguments": Array [
      Object {
        "type": "identifier",
        "value": "defaultValue",
      },
      Object {
        "isInteger": true,
        "type": "literal",
        "value": 0,
      },
    ],
    "instruction": "int",
    "lineNumber": 2,
  },
  Object {
    "arguments": Array [
      Object {
        "type": "identifier",
        "value": "in:1",
      },
      Object {
        "type": "identifier",
        "value": "&defaultValue",
      },
    ],
    "instruction": "int*",
    "lineNumber": 3,
  },
  Object {
    "arguments": Array [
      Object {
        "type": "identifier",
        "value": "in:2",
      },
      Object {
        "type": "identifier",
        "value": "&defaultValue",
      },
    ],
    "instruction": "int*",
    "lineNumber": 4,
  },
  Object {
    "arguments": Array [
      Object {
        "type": "identifier",
        "value": "out",
      },
      Object {
        "isInteger": true,
        "type": "literal",
        "value": 0,
      },
    ],
    "instruction": "int",
    "lineNumber": 5,
  },
  Object {
    "arguments": Array [
      Object {
        "type": "identifier",
        "value": "HIGH",
      },
      Object {
        "type": "identifier",
        "value": "I16_SIGNED_LARGEST_NUMBER",
      },
    ],
    "instruction": "const",
    "lineNumber": 7,
  },
  Object {
    "arguments": Array [
      Object {
        "type": "identifier",
        "value": "*in:1",
      },
    ],
    "instruction": "push",
    "lineNumber": 9,
  },
  Object {
    "arguments": Array [
      Object {
        "isInteger": true,
        "type": "literal",
        "value": 0,
      },
    ],
    "instruction": "push",
    "lineNumber": 10,
  },
  Object {
    "arguments": Array [],
    "instruction": "greaterThan",
    "lineNumber": 11,
  },
  Object {
    "arguments": Array [
      Object {
        "type": "identifier",
        "value": "void",
      },
    ],
    "instruction": "if",
    "lineNumber": 12,
  },
  Object {
    "arguments": Array [
      Object {
        "type": "identifier",
        "value": "&out",
      },
    ],
    "instruction": "push",
    "lineNumber": 13,
  },
  Object {
    "arguments": Array [
      Object {
        "type": "identifier",
        "value": "HIGH",
      },
    ],
    "instruction": "push",
    "lineNumber": 14,
  },
  Object {
    "arguments": Array [],
    "instruction": "store",
    "lineNumber": 15,
  },
  Object {
    "arguments": Array [
      Object {
        "isInteger": true,
        "type": "literal",
        "value": 1,
      },
    ],
    "instruction": "branch",
    "lineNumber": 16,
  },
  Object {
    "arguments": Array [],
    "instruction": "ifEnd",
    "lineNumber": 17,
  },
  Object {
    "arguments": Array [
      Object {
        "type": "identifier",
        "value": "*in:2",
      },
    ],
    "instruction": "push",
    "lineNumber": 19,
  },
  Object {
    "arguments": Array [
      Object {
        "isInteger": true,
        "type": "literal",
        "value": 0,
      },
    ],
    "instruction": "push",
    "lineNumber": 20,
  },
  Object {
    "arguments": Array [],
    "instruction": "greaterThan",
    "lineNumber": 21,
  },
  Object {
    "arguments": Array [
      Object {
        "type": "identifier",
        "value": "void",
      },
    ],
    "instruction": "if",
    "lineNumber": 22,
  },
  Object {
    "arguments": Array [
      Object {
        "type": "identifier",
        "value": "&out",
      },
    ],
    "instruction": "push",
    "lineNumber": 23,
  },
  Object {
    "arguments": Array [
      Object {
        "type": "identifier",
        "value": "HIGH",
      },
    ],
    "instruction": "push",
    "lineNumber": 24,
  },
  Object {
    "arguments": Array [],
    "instruction": "store",
    "lineNumber": 25,
  },
  Object {
    "arguments": Array [
      Object {
        "isInteger": true,
        "type": "literal",
        "value": 1,
      },
    ],
    "instruction": "branch",
    "lineNumber": 26,
  },
  Object {
    "arguments": Array [],
    "instruction": "ifEnd",
    "lineNumber": 27,
  },
  Object {
    "arguments": Array [
      Object {
        "type": "identifier",
        "value": "out",
      },
    ],
    "instruction": "push",
    "lineNumber": 29,
  },
  Object {
    "arguments": Array [
      Object {
        "isInteger": true,
        "type": "literal",
        "value": 0,
      },
    ],
    "instruction": "push",
    "lineNumber": 30,
  },
  Object {
    "arguments": Array [],
    "instruction": "store",
    "lineNumber": 31,
  },
  Object {
    "arguments": Array [],
    "instruction": "moduleEnd",
    "lineNumber": 32,
  },
]
`;

exports[`logicOr if the generated memory map matches with the snapshot 1`] = `
Map {
  "defaultValue" => Object {
    "alignmentAdjustedSize": 1,
    "byteAddress": 0,
    "default": 0,
    "id": "defaultValue",
    "isInteger": true,
    "isPointer": false,
    "isPointingToInteger": false,
    "isPointingToPointer": false,
    "type": "int",
    "wordAddress": 0,
    "wordSize": 4,
  },
  "in:1" => Object {
    "alignmentAdjustedSize": 1,
    "byteAddress": 4,
    "default": 0,
    "id": "in:1",
    "isInteger": true,
    "isPointer": true,
    "isPointingToInteger": true,
    "isPointingToPointer": false,
    "type": "int*",
    "wordAddress": 1,
    "wordSize": 4,
  },
  "in:2" => Object {
    "alignmentAdjustedSize": 1,
    "byteAddress": 8,
    "default": 0,
    "id": "in:2",
    "isInteger": true,
    "isPointer": true,
    "isPointingToInteger": true,
    "isPointingToPointer": false,
    "type": "int*",
    "wordAddress": 2,
    "wordSize": 4,
  },
  "out" => Object {
    "alignmentAdjustedSize": 1,
    "byteAddress": 12,
    "default": 0,
    "id": "out",
    "isInteger": true,
    "isPointer": false,
    "isPointingToInteger": false,
    "isPointingToPointer": false,
    "type": "int",
    "wordAddress": 3,
    "wordSize": 4,
  },
}
`;

exports[`logicOr if the wat code matches with the snapshot 1`] = `
"(module
  (type (;0;) (func))
  (import \\"js\\" \\"memory\\" (memory (;0;) 1))
  (func (;0;) (type 0)
    (local i32 i32)
    i32.const 4
    i32.load
    i32.load
    i32.const 0
    i32.gt_s
    if  ;; label = @1
      i32.const 12
      i32.const 32767
      i32.store
      br 1 (;@0;)
    end
    i32.const 8
    i32.load
    i32.load
    i32.const 0
    i32.gt_s
    if  ;; label = @1
      i32.const 12
      i32.const 32767
      i32.store
      br 1 (;@0;)
    end
    i32.const 12
    i32.load
    i32.const 0
    local.set 1
    local.set 0
    local.get 0
    i32.const 65535
    i32.gt_s
    if (result i32)  ;; label = @1
      i32.const 0
    else
      local.get 0
    end
    local.get 1
    i32.store)
  (export \\"test\\" (func 0)))
"
`;
