// Jest Snapshot v1, https://goo.gl/fbAQLP

exports[`logicNegate if the generated ast matches with the snapshot 1`] = `
Array [
  Object {
    "arguments": Array [
      Object {
        "type": "identifier",
        "value": "logicNegate",
      },
    ],
    "instruction": "module",
    "lineNumber": 0,
  },
  Object {
    "arguments": Array [
      Object {
        "type": "identifier",
        "value": "defaultValue",
      },
      Object {
        "isInteger": true,
        "type": "literal",
        "value": 0,
      },
    ],
    "instruction": "int",
    "lineNumber": 2,
  },
  Object {
    "arguments": Array [
      Object {
        "type": "identifier",
        "value": "in",
      },
      Object {
        "type": "identifier",
        "value": "&defaultValue",
      },
    ],
    "instruction": "int*",
    "lineNumber": 3,
  },
  Object {
    "arguments": Array [
      Object {
        "type": "identifier",
        "value": "out",
      },
      Object {
        "isInteger": true,
        "type": "literal",
        "value": 0,
      },
    ],
    "instruction": "int",
    "lineNumber": 4,
  },
  Object {
    "arguments": Array [
      Object {
        "type": "identifier",
        "value": "&out",
      },
    ],
    "instruction": "push",
    "lineNumber": 6,
  },
  Object {
    "arguments": Array [
      Object {
        "type": "identifier",
        "value": "*in",
      },
    ],
    "instruction": "push",
    "lineNumber": 7,
  },
  Object {
    "arguments": Array [
      Object {
        "isInteger": true,
        "type": "literal",
        "value": 0,
      },
    ],
    "instruction": "push",
    "lineNumber": 8,
  },
  Object {
    "arguments": Array [],
    "instruction": "greaterThan",
    "lineNumber": 9,
  },
  Object {
    "arguments": Array [],
    "instruction": "if",
    "lineNumber": 10,
  },
  Object {
    "arguments": Array [
      Object {
        "isInteger": true,
        "type": "literal",
        "value": 0,
      },
    ],
    "instruction": "push",
    "lineNumber": 11,
  },
  Object {
    "arguments": Array [],
    "instruction": "else",
    "lineNumber": 12,
  },
  Object {
    "arguments": Array [
      Object {
        "type": "identifier",
        "value": "I16_SIGNED_LARGEST_NUMBER",
      },
    ],
    "instruction": "push",
    "lineNumber": 13,
  },
  Object {
    "arguments": Array [],
    "instruction": "ifEnd",
    "lineNumber": 14,
  },
  Object {
    "arguments": Array [],
    "instruction": "store",
    "lineNumber": 16,
  },
  Object {
    "arguments": Array [],
    "instruction": "moduleEnd",
    "lineNumber": 17,
  },
]
`;

exports[`logicNegate if the generated memory map matches with the snapshot 1`] = `
Map {
  "defaultValue" => Object {
    "byteAddress": 0,
    "default": 0,
    "id": "defaultValue",
    "isInteger": true,
    "isPointer": false,
    "isPointingToInteger": false,
    "isPointingToPointer": false,
    "type": "int",
    "wordAddress": 0,
    "wordSize": 4,
    "wordSpan": 1,
  },
  "in" => Object {
    "byteAddress": 4,
    "default": 0,
    "id": "in",
    "isInteger": true,
    "isPointer": true,
    "isPointingToInteger": true,
    "isPointingToPointer": false,
    "type": "int*",
    "wordAddress": 1,
    "wordSize": 4,
    "wordSpan": 1,
  },
  "out" => Object {
    "byteAddress": 8,
    "default": 0,
    "id": "out",
    "isInteger": true,
    "isPointer": false,
    "isPointingToInteger": false,
    "isPointingToPointer": false,
    "type": "int",
    "wordAddress": 2,
    "wordSize": 4,
    "wordSpan": 1,
  },
}
`;

exports[`logicNegate if the wat code matches with the snapshot 1`] = `
"(module
  (type (;0;) (func))
  (import \\"js\\" \\"memory\\" (memory (;0;) 1))
  (func (;0;) (type 0)
    i32.const 8
    i32.const 4
    i32.load
    i32.load
    i32.const 0
    i32.gt_s
    if (result i32)  ;; label = @1
      i32.const 0
    else
      i32.const 32767
    end
    i32.store)
  (export \\"test\\" (func 0)))
"
`;
