// Jest Snapshot v1, https://goo.gl/fbAQLP

exports[`mixer if the generated ast matches with the snapshot 1`] = `
Array [
  Object {
    "arguments": Array [
      Object {
        "type": "identifier",
        "value": "mixer",
      },
    ],
    "instruction": "module",
    "lineNumber": 1,
  },
  Object {
    "arguments": Array [
      Object {
        "type": "identifier",
        "value": "defaultValue",
      },
      Object {
        "isInteger": true,
        "type": "literal",
        "value": 0,
      },
    ],
    "instruction": "memory",
    "lineNumber": 3,
  },
  Object {
    "arguments": Array [
      Object {
        "type": "identifier",
        "value": "out",
      },
      Object {
        "isInteger": true,
        "type": "literal",
        "value": 0,
      },
    ],
    "instruction": "memory",
    "lineNumber": 4,
  },
  Object {
    "arguments": Array [
      Object {
        "type": "identifier",
        "value": "in:1",
      },
      Object {
        "type": "identifier",
        "value": "&defaultValue",
      },
    ],
    "instruction": "memory",
    "lineNumber": 5,
  },
  Object {
    "arguments": Array [
      Object {
        "type": "identifier",
        "value": "in:2",
      },
      Object {
        "type": "identifier",
        "value": "&defaultValue",
      },
    ],
    "instruction": "memory",
    "lineNumber": 6,
  },
  Object {
    "arguments": Array [
      Object {
        "type": "identifier",
        "value": "in:3",
      },
      Object {
        "type": "identifier",
        "value": "&defaultValue",
      },
    ],
    "instruction": "memory",
    "lineNumber": 7,
  },
  Object {
    "arguments": Array [
      Object {
        "type": "identifier",
        "value": "in:4",
      },
      Object {
        "type": "identifier",
        "value": "&defaultValue",
      },
    ],
    "instruction": "memory",
    "lineNumber": 8,
  },
  Object {
    "arguments": Array [
      Object {
        "type": "identifier",
        "value": "HIGH",
      },
      Object {
        "type": "identifier",
        "value": "I16_SIGNED_LARGEST_NUMBER",
      },
    ],
    "instruction": "const",
    "lineNumber": 10,
  },
  Object {
    "arguments": Array [
      Object {
        "type": "identifier",
        "value": "LOW",
      },
      Object {
        "type": "identifier",
        "value": "I16_SIGNED_SMALLEST_NUMBER",
      },
    ],
    "instruction": "const",
    "lineNumber": 11,
  },
  Object {
    "arguments": Array [
      Object {
        "type": "identifier",
        "value": "result",
      },
    ],
    "instruction": "local",
    "lineNumber": 13,
  },
  Object {
    "arguments": Array [
      Object {
        "type": "identifier",
        "value": "&out",
      },
    ],
    "instruction": "push",
    "lineNumber": 15,
  },
  Object {
    "arguments": Array [
      Object {
        "type": "identifier",
        "value": "*in:1",
      },
    ],
    "instruction": "push",
    "lineNumber": 16,
  },
  Object {
    "arguments": Array [
      Object {
        "type": "identifier",
        "value": "*in:2",
      },
    ],
    "instruction": "push",
    "lineNumber": 17,
  },
  Object {
    "arguments": Array [],
    "instruction": "add",
    "lineNumber": 18,
  },
  Object {
    "arguments": Array [
      Object {
        "type": "identifier",
        "value": "*in:3",
      },
    ],
    "instruction": "push",
    "lineNumber": 19,
  },
  Object {
    "arguments": Array [],
    "instruction": "add",
    "lineNumber": 20,
  },
  Object {
    "arguments": Array [
      Object {
        "type": "identifier",
        "value": "*in:4",
      },
    ],
    "instruction": "push",
    "lineNumber": 21,
  },
  Object {
    "arguments": Array [],
    "instruction": "add",
    "lineNumber": 22,
  },
  Object {
    "arguments": Array [
      Object {
        "type": "identifier",
        "value": "result",
      },
    ],
    "instruction": "localSet",
    "lineNumber": 23,
  },
  Object {
    "arguments": Array [
      Object {
        "type": "identifier",
        "value": "result",
      },
    ],
    "instruction": "push",
    "lineNumber": 25,
  },
  Object {
    "arguments": Array [
      Object {
        "type": "identifier",
        "value": "HIGH",
      },
    ],
    "instruction": "push",
    "lineNumber": 26,
  },
  Object {
    "arguments": Array [],
    "instruction": "greaterOrEqual",
    "lineNumber": 27,
  },
  Object {
    "arguments": Array [],
    "instruction": "if",
    "lineNumber": 28,
  },
  Object {
    "arguments": Array [
      Object {
        "type": "identifier",
        "value": "HIGH",
      },
    ],
    "instruction": "push",
    "lineNumber": 29,
  },
  Object {
    "arguments": Array [],
    "instruction": "else",
    "lineNumber": 30,
  },
  Object {
    "arguments": Array [
      Object {
        "type": "identifier",
        "value": "result",
      },
    ],
    "instruction": "push",
    "lineNumber": 31,
  },
  Object {
    "arguments": Array [],
    "instruction": "end",
    "lineNumber": 32,
  },
  Object {
    "arguments": Array [
      Object {
        "type": "identifier",
        "value": "result",
      },
    ],
    "instruction": "localSet",
    "lineNumber": 33,
  },
  Object {
    "arguments": Array [
      Object {
        "type": "identifier",
        "value": "result",
      },
    ],
    "instruction": "push",
    "lineNumber": 35,
  },
  Object {
    "arguments": Array [
      Object {
        "type": "identifier",
        "value": "LOW",
      },
    ],
    "instruction": "push",
    "lineNumber": 36,
  },
  Object {
    "arguments": Array [],
    "instruction": "lessOrEqual",
    "lineNumber": 37,
  },
  Object {
    "arguments": Array [],
    "instruction": "if",
    "lineNumber": 38,
  },
  Object {
    "arguments": Array [
      Object {
        "type": "identifier",
        "value": "LOW",
      },
    ],
    "instruction": "push",
    "lineNumber": 39,
  },
  Object {
    "arguments": Array [],
    "instruction": "else",
    "lineNumber": 40,
  },
  Object {
    "arguments": Array [
      Object {
        "type": "identifier",
        "value": "result",
      },
    ],
    "instruction": "push",
    "lineNumber": 41,
  },
  Object {
    "arguments": Array [],
    "instruction": "end",
    "lineNumber": 42,
  },
  Object {
    "arguments": Array [],
    "instruction": "store",
    "lineNumber": 43,
  },
]
`;

exports[`mixer if the generated memory map matches with the snapshot 1`] = `
Map {
  "defaultValue" => Object {
    "byteAddress": 0,
    "default": 0,
    "id": "defaultValue",
    "isInteger": true,
    "lineNumber": 3,
    "relativeWordAddress": 0,
    "type": 1,
    "wordAddress": 0,
    "wordSize": 1,
  },
  "out" => Object {
    "byteAddress": 4,
    "default": 0,
    "id": "out",
    "isInteger": true,
    "lineNumber": 4,
    "relativeWordAddress": 1,
    "type": 1,
    "wordAddress": 1,
    "wordSize": 1,
  },
  "in:1" => Object {
    "byteAddress": 8,
    "default": 0,
    "id": "in:1",
    "isInteger": true,
    "lineNumber": 5,
    "relativeWordAddress": 2,
    "type": 1,
    "wordAddress": 2,
    "wordSize": 1,
  },
  "in:2" => Object {
    "byteAddress": 12,
    "default": 0,
    "id": "in:2",
    "isInteger": true,
    "lineNumber": 6,
    "relativeWordAddress": 3,
    "type": 1,
    "wordAddress": 3,
    "wordSize": 1,
  },
  "in:3" => Object {
    "byteAddress": 16,
    "default": 0,
    "id": "in:3",
    "isInteger": true,
    "lineNumber": 7,
    "relativeWordAddress": 4,
    "type": 1,
    "wordAddress": 4,
    "wordSize": 1,
  },
  "in:4" => Object {
    "byteAddress": 20,
    "default": 0,
    "id": "in:4",
    "isInteger": true,
    "lineNumber": 8,
    "relativeWordAddress": 5,
    "type": 1,
    "wordAddress": 5,
    "wordSize": 1,
  },
}
`;

exports[`mixer if the wat code matches with the snapshot 1`] = `
"(module
  (type (;0;) (func))
  (import \\"js\\" \\"memory\\" (memory (;0;) 1))
  (func (;0;) (type 0)
    (local i32)
    i32.const 4
    i32.const 8
    i32.load
    i32.load
    i32.const 12
    i32.load
    i32.load
    i32.add
    i32.const 16
    i32.load
    i32.load
    i32.add
    i32.const 20
    i32.load
    i32.load
    i32.add
    local.set 0
    local.get 0
    i32.const 32767
    i32.ge_s
    if (result i32)  ;; label = @1
      i32.const 32767
    else
      local.get 0
    end
    local.set 0
    local.get 0
    i32.const -32768
    i32.le_s
    if (result i32)  ;; label = @1
      i32.const -32768
    else
      local.get 0
    end
    i32.store)
  (export \\"test\\" (func 0)))
"
`;
