// Jest Snapshot v1, https://goo.gl/fbAQLP

exports[`random if the generated ast matches with the snapshot 1`] = `
Array [
  Object {
    "arguments": Array [
      Object {
        "type": "identifier",
        "value": "random",
      },
    ],
    "instruction": "module",
    "lineNumber": 1,
  },
  Object {
    "arguments": Array [
      Object {
        "type": "identifier",
        "value": "seed",
      },
      Object {
        "type": "literal",
        "value": 69420,
      },
    ],
    "instruction": "memory",
    "lineNumber": 3,
  },
  Object {
    "arguments": Array [
      Object {
        "type": "identifier",
        "value": "out",
      },
      Object {
        "type": "literal",
        "value": 0,
      },
    ],
    "instruction": "memory",
    "lineNumber": 4,
  },
  Object {
    "arguments": Array [
      Object {
        "type": "identifier",
        "value": "random",
      },
    ],
    "instruction": "local",
    "lineNumber": 6,
  },
  Object {
    "arguments": Array [
      Object {
        "type": "identifier",
        "value": "feedback",
      },
    ],
    "instruction": "local",
    "lineNumber": 7,
  },
  Object {
    "arguments": Array [
      Object {
        "type": "identifier",
        "value": "out",
      },
    ],
    "instruction": "push",
    "lineNumber": 9,
  },
  Object {
    "arguments": Array [
      Object {
        "type": "identifier",
        "value": "random",
      },
    ],
    "instruction": "localSet",
    "lineNumber": 10,
  },
  Object {
    "arguments": Array [
      Object {
        "type": "identifier",
        "value": "random",
      },
    ],
    "instruction": "localGet",
    "lineNumber": 12,
  },
  Object {
    "arguments": Array [],
    "instruction": "equalToZero",
    "lineNumber": 14,
  },
  Object {
    "arguments": Array [],
    "instruction": "if",
    "lineNumber": 15,
  },
  Object {
    "arguments": Array [
      Object {
        "type": "identifier",
        "value": "seed",
      },
    ],
    "instruction": "push",
    "lineNumber": 16,
  },
  Object {
    "arguments": Array [],
    "instruction": "else",
    "lineNumber": 17,
  },
  Object {
    "arguments": Array [
      Object {
        "type": "identifier",
        "value": "random",
      },
    ],
    "instruction": "push",
    "lineNumber": 18,
  },
  Object {
    "arguments": Array [],
    "instruction": "end",
    "lineNumber": 19,
  },
  Object {
    "arguments": Array [
      Object {
        "type": "identifier",
        "value": "random",
      },
    ],
    "instruction": "localSet",
    "lineNumber": 20,
  },
  Object {
    "arguments": Array [
      Object {
        "type": "identifier",
        "value": "random",
      },
    ],
    "instruction": "push",
    "lineNumber": 23,
  },
  Object {
    "arguments": Array [
      Object {
        "type": "literal",
        "value": 1,
      },
    ],
    "instruction": "push",
    "lineNumber": 24,
  },
  Object {
    "arguments": Array [],
    "instruction": "and",
    "lineNumber": 25,
  },
  Object {
    "arguments": Array [
      Object {
        "type": "literal",
        "value": 0,
      },
    ],
    "instruction": "push",
    "lineNumber": 26,
  },
  Object {
    "arguments": Array [],
    "instruction": "shiftRight",
    "lineNumber": 27,
  },
  Object {
    "arguments": Array [
      Object {
        "type": "identifier",
        "value": "feedback",
      },
    ],
    "instruction": "push",
    "lineNumber": 28,
  },
  Object {
    "arguments": Array [],
    "instruction": "xor",
    "lineNumber": 29,
  },
  Object {
    "arguments": Array [
      Object {
        "type": "identifier",
        "value": "feedback",
      },
    ],
    "instruction": "localSet",
    "lineNumber": 30,
  },
  Object {
    "arguments": Array [
      Object {
        "type": "identifier",
        "value": "random",
      },
    ],
    "instruction": "push",
    "lineNumber": 33,
  },
  Object {
    "arguments": Array [
      Object {
        "type": "literal",
        "value": 4,
      },
    ],
    "instruction": "push",
    "lineNumber": 34,
  },
  Object {
    "arguments": Array [],
    "instruction": "and",
    "lineNumber": 35,
  },
  Object {
    "arguments": Array [
      Object {
        "type": "literal",
        "value": 2,
      },
    ],
    "instruction": "push",
    "lineNumber": 36,
  },
  Object {
    "arguments": Array [],
    "instruction": "shiftRight",
    "lineNumber": 37,
  },
  Object {
    "arguments": Array [
      Object {
        "type": "identifier",
        "value": "feedback",
      },
    ],
    "instruction": "push",
    "lineNumber": 38,
  },
  Object {
    "arguments": Array [],
    "instruction": "xor",
    "lineNumber": 39,
  },
  Object {
    "arguments": Array [
      Object {
        "type": "identifier",
        "value": "feedback",
      },
    ],
    "instruction": "localSet",
    "lineNumber": 40,
  },
  Object {
    "arguments": Array [
      Object {
        "type": "identifier",
        "value": "random",
      },
    ],
    "instruction": "push",
    "lineNumber": 43,
  },
  Object {
    "arguments": Array [
      Object {
        "type": "literal",
        "value": 8,
      },
    ],
    "instruction": "push",
    "lineNumber": 44,
  },
  Object {
    "arguments": Array [],
    "instruction": "and",
    "lineNumber": 45,
  },
  Object {
    "arguments": Array [
      Object {
        "type": "literal",
        "value": 3,
      },
    ],
    "instruction": "push",
    "lineNumber": 46,
  },
  Object {
    "arguments": Array [],
    "instruction": "shiftRight",
    "lineNumber": 47,
  },
  Object {
    "arguments": Array [
      Object {
        "type": "identifier",
        "value": "feedback",
      },
    ],
    "instruction": "push",
    "lineNumber": 48,
  },
  Object {
    "arguments": Array [],
    "instruction": "xor",
    "lineNumber": 49,
  },
  Object {
    "arguments": Array [
      Object {
        "type": "identifier",
        "value": "feedback",
      },
    ],
    "instruction": "localSet",
    "lineNumber": 50,
  },
  Object {
    "arguments": Array [
      Object {
        "type": "identifier",
        "value": "random",
      },
    ],
    "instruction": "push",
    "lineNumber": 53,
  },
  Object {
    "arguments": Array [
      Object {
        "type": "literal",
        "value": 32,
      },
    ],
    "instruction": "push",
    "lineNumber": 54,
  },
  Object {
    "arguments": Array [],
    "instruction": "and",
    "lineNumber": 55,
  },
  Object {
    "arguments": Array [
      Object {
        "type": "literal",
        "value": 5,
      },
    ],
    "instruction": "push",
    "lineNumber": 56,
  },
  Object {
    "arguments": Array [],
    "instruction": "shiftRight",
    "lineNumber": 57,
  },
  Object {
    "arguments": Array [
      Object {
        "type": "identifier",
        "value": "feedback",
      },
    ],
    "instruction": "push",
    "lineNumber": 58,
  },
  Object {
    "arguments": Array [],
    "instruction": "xor",
    "lineNumber": 59,
  },
  Object {
    "arguments": Array [
      Object {
        "type": "identifier",
        "value": "feedback",
      },
    ],
    "instruction": "localSet",
    "lineNumber": 60,
  },
  Object {
    "arguments": Array [
      Object {
        "type": "identifier",
        "value": "random",
      },
    ],
    "instruction": "push",
    "lineNumber": 63,
  },
  Object {
    "arguments": Array [
      Object {
        "type": "literal",
        "value": 1,
      },
    ],
    "instruction": "push",
    "lineNumber": 64,
  },
  Object {
    "arguments": Array [],
    "instruction": "shiftRightUnsigned",
    "lineNumber": 65,
  },
  Object {
    "arguments": Array [
      Object {
        "type": "identifier",
        "value": "random",
      },
    ],
    "instruction": "localSet",
    "lineNumber": 66,
  },
  Object {
    "arguments": Array [
      Object {
        "type": "identifier",
        "value": "feedback",
      },
    ],
    "instruction": "push",
    "lineNumber": 68,
  },
  Object {
    "arguments": Array [],
    "instruction": "equalToZero",
    "lineNumber": 69,
  },
  Object {
    "arguments": Array [],
    "instruction": "if",
    "lineNumber": 70,
  },
  Object {
    "arguments": Array [
      Object {
        "type": "identifier",
        "value": "random",
      },
    ],
    "instruction": "push",
    "lineNumber": 71,
  },
  Object {
    "arguments": Array [],
    "instruction": "else",
    "lineNumber": 72,
  },
  Object {
    "arguments": Array [
      Object {
        "type": "identifier",
        "value": "random",
      },
    ],
    "instruction": "push",
    "lineNumber": 73,
  },
  Object {
    "arguments": Array [
      Object {
        "type": "literal",
        "value": 2147483648,
      },
    ],
    "instruction": "push",
    "lineNumber": 74,
  },
  Object {
    "arguments": Array [],
    "instruction": "or",
    "lineNumber": 75,
  },
  Object {
    "arguments": Array [],
    "instruction": "end",
    "lineNumber": 76,
  },
  Object {
    "arguments": Array [
      Object {
        "type": "identifier",
        "value": "random",
      },
    ],
    "instruction": "localSet",
    "lineNumber": 77,
  },
  Object {
    "arguments": Array [
      Object {
        "type": "identifier",
        "value": "&out",
      },
    ],
    "instruction": "push",
    "lineNumber": 79,
  },
  Object {
    "arguments": Array [
      Object {
        "type": "identifier",
        "value": "random",
      },
    ],
    "instruction": "push",
    "lineNumber": 80,
  },
  Object {
    "arguments": Array [
      Object {
        "type": "identifier",
        "value": "I16_SIGNED_LARGEST_NUMBER",
      },
    ],
    "instruction": "push",
    "lineNumber": 81,
  },
  Object {
    "arguments": Array [],
    "instruction": "remainder",
    "lineNumber": 82,
  },
  Object {
    "arguments": Array [],
    "instruction": "store",
    "lineNumber": 83,
  },
]
`;

exports[`random if the generated memory map matches with the snapshot 1`] = `
Map {
  "seed" => Object {
    "byteAddress": 0,
    "default": 69420,
    "id": "seed",
    "lineNumber": 3,
    "relativeWordAddress": 0,
    "type": 1,
    "wordSize": 1,
  },
  "out" => Object {
    "byteAddress": 4,
    "default": 0,
    "id": "out",
    "lineNumber": 4,
    "relativeWordAddress": 1,
    "type": 1,
    "wordSize": 1,
  },
}
`;

exports[`random if the wat code matches with the snapshot 1`] = `
"(module
  (type (;0;) (func))
  (import \\"js\\" \\"memory\\" (memory (;0;) 1))
  (func (;0;) (type 0)
    (local i32 i32)
    i32.const 4
    i32.load
    local.set 0
    local.get 0
    i32.eqz
    if (result i32)  ;; label = @1
      i32.const 0
      i32.load
    else
      local.get 0
    end
    local.set 0
    local.get 0
    i32.const 1
    i32.and
    i32.const 0
    i32.shr_s
    local.get 1
    i32.xor
    local.set 1
    local.get 0
    i32.const 4
    i32.and
    i32.const 2
    i32.shr_s
    local.get 1
    i32.xor
    local.set 1
    local.get 0
    i32.const 8
    i32.and
    i32.const 3
    i32.shr_s
    local.get 1
    i32.xor
    local.set 1
    local.get 0
    i32.const 32
    i32.and
    i32.const 5
    i32.shr_s
    local.get 1
    i32.xor
    local.set 1
    local.get 0
    i32.const 1
    i32.shr_u
    local.set 0
    local.get 1
    i32.eqz
    if (result i32)  ;; label = @1
      local.get 0
    else
      local.get 0
      i32.const -2147483648
      i32.or
    end
    local.set 0
    i32.const 4
    local.get 0
    i32.const 32767
    i32.rem_s
    i32.store)
  (export \\"test\\" (func 0)))
"
`;
