// Jest Snapshot v1, https://goo.gl/fbAQLP

exports[`stepSequencer if the generated ast matches with the snapshot 1`] = `
Array [
  Object {
    "arguments": Array [
      Object {
        "type": "identifier",
        "value": "stepSequencer",
      },
    ],
    "instruction": "module",
    "lineNumber": 1,
  },
  Object {
    "arguments": Array [
      Object {
        "type": "identifier",
        "value": "int",
      },
      Object {
        "type": "identifier",
        "value": "defaultValue",
      },
      Object {
        "isInteger": true,
        "type": "literal",
        "value": 0,
      },
    ],
    "instruction": "memory",
    "lineNumber": 3,
  },
  Object {
    "arguments": Array [
      Object {
        "type": "identifier",
        "value": "int*",
      },
      Object {
        "type": "identifier",
        "value": "trigger",
      },
      Object {
        "type": "identifier",
        "value": "&defaultValue",
      },
    ],
    "instruction": "memory",
    "lineNumber": 4,
  },
  Object {
    "arguments": Array [
      Object {
        "type": "identifier",
        "value": "int",
      },
      Object {
        "type": "identifier",
        "value": "triggerPreviousValue",
      },
      Object {
        "isInteger": true,
        "type": "literal",
        "value": 0,
      },
    ],
    "instruction": "memory",
    "lineNumber": 5,
  },
  Object {
    "arguments": Array [
      Object {
        "type": "identifier",
        "value": "int",
      },
      Object {
        "type": "identifier",
        "value": "steps",
      },
      Object {
        "isInteger": true,
        "type": "literal",
        "value": 16,
      },
    ],
    "instruction": "buffer",
    "lineNumber": 6,
  },
  Object {
    "arguments": Array [
      Object {
        "type": "identifier",
        "value": "int",
      },
      Object {
        "type": "identifier",
        "value": "stepPointer",
      },
      Object {
        "type": "identifier",
        "value": "&steps",
      },
    ],
    "instruction": "memory",
    "lineNumber": 7,
  },
  Object {
    "arguments": Array [
      Object {
        "type": "identifier",
        "value": "int",
      },
      Object {
        "type": "identifier",
        "value": "stepLength",
      },
      Object {
        "isInteger": true,
        "type": "literal",
        "value": 4,
      },
    ],
    "instruction": "memory",
    "lineNumber": 8,
  },
  Object {
    "arguments": Array [
      Object {
        "type": "identifier",
        "value": "int",
      },
      Object {
        "type": "identifier",
        "value": "out",
      },
      Object {
        "isInteger": true,
        "type": "literal",
        "value": 0,
      },
    ],
    "instruction": "memory",
    "lineNumber": 9,
  },
  Object {
    "arguments": Array [
      Object {
        "type": "identifier",
        "value": "_stepPointer",
      },
    ],
    "instruction": "local",
    "lineNumber": 11,
  },
  Object {
    "arguments": Array [
      Object {
        "type": "identifier",
        "value": "stepPointer",
      },
    ],
    "instruction": "push",
    "lineNumber": 13,
  },
  Object {
    "arguments": Array [
      Object {
        "type": "identifier",
        "value": "_stepPointer",
      },
    ],
    "instruction": "localSet",
    "lineNumber": 14,
  },
  Object {
    "arguments": Array [
      Object {
        "type": "identifier",
        "value": "*trigger",
      },
    ],
    "instruction": "push",
    "lineNumber": 16,
  },
  Object {
    "arguments": Array [
      Object {
        "type": "identifier",
        "value": "triggerPreviousValue",
      },
    ],
    "instruction": "push",
    "lineNumber": 17,
  },
  Object {
    "arguments": Array [],
    "instruction": "greaterThan",
    "lineNumber": 18,
  },
  Object {
    "arguments": Array [
      Object {
        "type": "identifier",
        "value": "void",
      },
    ],
    "instruction": "if",
    "lineNumber": 19,
  },
  Object {
    "arguments": Array [
      Object {
        "type": "identifier",
        "value": "_stepPointer",
      },
    ],
    "instruction": "push",
    "lineNumber": 20,
  },
  Object {
    "arguments": Array [
      Object {
        "type": "identifier",
        "value": "WORD_SIZE",
      },
    ],
    "instruction": "push",
    "lineNumber": 21,
  },
  Object {
    "arguments": Array [],
    "instruction": "add",
    "lineNumber": 22,
  },
  Object {
    "arguments": Array [
      Object {
        "type": "identifier",
        "value": "_stepPointer",
      },
    ],
    "instruction": "localSet",
    "lineNumber": 23,
  },
  Object {
    "arguments": Array [
      Object {
        "type": "identifier",
        "value": "_stepPointer",
      },
    ],
    "instruction": "push",
    "lineNumber": 25,
  },
  Object {
    "arguments": Array [
      Object {
        "type": "identifier",
        "value": "stepLength",
      },
    ],
    "instruction": "push",
    "lineNumber": 26,
  },
  Object {
    "arguments": Array [
      Object {
        "isInteger": true,
        "type": "literal",
        "value": 4,
      },
    ],
    "instruction": "push",
    "lineNumber": 27,
  },
  Object {
    "arguments": Array [],
    "instruction": "mul",
    "lineNumber": 28,
  },
  Object {
    "arguments": Array [
      Object {
        "type": "identifier",
        "value": "&steps",
      },
    ],
    "instruction": "push",
    "lineNumber": 29,
  },
  Object {
    "arguments": Array [],
    "instruction": "add",
    "lineNumber": 30,
  },
  Object {
    "arguments": Array [],
    "instruction": "greaterOrEqual",
    "lineNumber": 31,
  },
  Object {
    "arguments": Array [
      Object {
        "type": "identifier",
        "value": "void",
      },
    ],
    "instruction": "if",
    "lineNumber": 32,
  },
  Object {
    "arguments": Array [
      Object {
        "type": "identifier",
        "value": "&steps",
      },
    ],
    "instruction": "push",
    "lineNumber": 33,
  },
  Object {
    "arguments": Array [
      Object {
        "type": "identifier",
        "value": "_stepPointer",
      },
    ],
    "instruction": "localSet",
    "lineNumber": 34,
  },
  Object {
    "arguments": Array [],
    "instruction": "end",
    "lineNumber": 35,
  },
  Object {
    "arguments": Array [],
    "instruction": "end",
    "lineNumber": 36,
  },
  Object {
    "arguments": Array [
      Object {
        "type": "identifier",
        "value": "&stepPointer",
      },
    ],
    "instruction": "push",
    "lineNumber": 37,
  },
  Object {
    "arguments": Array [
      Object {
        "type": "identifier",
        "value": "_stepPointer",
      },
    ],
    "instruction": "push",
    "lineNumber": 38,
  },
  Object {
    "arguments": Array [],
    "instruction": "store",
    "lineNumber": 39,
  },
  Object {
    "arguments": Array [
      Object {
        "type": "identifier",
        "value": "&out",
      },
    ],
    "instruction": "push",
    "lineNumber": 41,
  },
  Object {
    "arguments": Array [
      Object {
        "type": "identifier",
        "value": "_stepPointer",
      },
    ],
    "instruction": "push",
    "lineNumber": 42,
  },
  Object {
    "arguments": Array [],
    "instruction": "load",
    "lineNumber": 43,
  },
  Object {
    "arguments": Array [],
    "instruction": "store",
    "lineNumber": 44,
  },
  Object {
    "arguments": Array [
      Object {
        "type": "identifier",
        "value": "&triggerPreviousValue",
      },
    ],
    "instruction": "push",
    "lineNumber": 46,
  },
  Object {
    "arguments": Array [
      Object {
        "type": "identifier",
        "value": "*trigger",
      },
    ],
    "instruction": "push",
    "lineNumber": 47,
  },
  Object {
    "arguments": Array [],
    "instruction": "store",
    "lineNumber": 48,
  },
]
`;

exports[`stepSequencer if the generated memory map matches with the snapshot 1`] = `
Map {
  "defaultValue" => Object {
    "byteAddress": 0,
    "default": 0,
    "id": "defaultValue",
    "isInteger": true,
    "isPointer": false,
    "isPointingToInteger": false,
    "lineNumber": 3,
    "relativeWordAddress": 0,
    "type": "int",
    "wordAddress": 0,
    "wordSize": 1,
  },
  "trigger" => Object {
    "byteAddress": 4,
    "default": 0,
    "id": "trigger",
    "isInteger": true,
    "isPointer": true,
    "isPointingToInteger": true,
    "lineNumber": 4,
    "relativeWordAddress": 1,
    "type": "int*",
    "wordAddress": 1,
    "wordSize": 1,
  },
  "triggerPreviousValue" => Object {
    "byteAddress": 8,
    "default": 0,
    "id": "triggerPreviousValue",
    "isInteger": true,
    "isPointer": false,
    "isPointingToInteger": false,
    "lineNumber": 5,
    "relativeWordAddress": 2,
    "type": "int",
    "wordAddress": 2,
    "wordSize": 1,
  },
  "steps" => Object {
    "byteAddress": 12,
    "default": Array [
      0,
      0,
      0,
      0,
      0,
      0,
      0,
      0,
      0,
      0,
      0,
      0,
      0,
      0,
      0,
      0,
    ],
    "id": "steps",
    "isInteger": true,
    "isPointer": false,
    "isPointingToInteger": false,
    "lineNumber": 6,
    "relativeWordAddress": 3,
    "type": "int",
    "wordAddress": 3,
    "wordSize": 16,
  },
  "stepPointer" => Object {
    "byteAddress": 76,
    "default": 12,
    "id": "stepPointer",
    "isInteger": true,
    "isPointer": false,
    "isPointingToInteger": false,
    "lineNumber": 7,
    "relativeWordAddress": 19,
    "type": "int",
    "wordAddress": 19,
    "wordSize": 1,
  },
  "stepLength" => Object {
    "byteAddress": 80,
    "default": 4,
    "id": "stepLength",
    "isInteger": true,
    "isPointer": false,
    "isPointingToInteger": false,
    "lineNumber": 8,
    "relativeWordAddress": 20,
    "type": "int",
    "wordAddress": 20,
    "wordSize": 1,
  },
  "out" => Object {
    "byteAddress": 84,
    "default": 0,
    "id": "out",
    "isInteger": true,
    "isPointer": false,
    "isPointingToInteger": false,
    "lineNumber": 9,
    "relativeWordAddress": 21,
    "type": "int",
    "wordAddress": 21,
    "wordSize": 1,
  },
}
`;

exports[`stepSequencer if the wat code matches with the snapshot 1`] = `
"(module
  (type (;0;) (func))
  (import \\"js\\" \\"memory\\" (memory (;0;) 1))
  (func (;0;) (type 0)
    (local i32)
    i32.const 76
    i32.load
    local.set 0
    i32.const 4
    i32.load
    i32.load
    i32.const 8
    i32.load
    i32.gt_s
    if  ;; label = @1
      local.get 0
      i32.const 4
      i32.add
      local.set 0
      local.get 0
      i32.const 80
      i32.load
      i32.const 4
      i32.mul
      i32.const 12
      i32.add
      i32.ge_s
      if  ;; label = @2
        i32.const 12
        local.set 0
      end
    end
    i32.const 76
    local.get 0
    i32.store
    i32.const 84
    local.get 0
    i32.load
    i32.store
    i32.const 8
    i32.const 4
    i32.load
    i32.load
    i32.store)
  (export \\"test\\" (func 0)))
"
`;
