// Jest Snapshot v1, https://goo.gl/fbAQLP

exports[`generates correct module type descriptor 1`] = `
Object {
  "category": "MIDI",
  "engine": Object {
    "config": Object {
      "dataPlaceholders": Array [
        Object {
          "id": "channel",
        },
        Object {
          "id": "device",
        },
      ],
      "numberOfPorts": 2,
    },
    "name": "through",
  },
  "height": 126,
  "initialState": Object {},
  "inputs": Array [
    Object {
      "height": 13,
      "id": "in:1",
      "label": "note in",
      "width": 12,
      "x": 12,
      "y": 42,
    },
    Object {
      "height": 13,
      "id": "in:2",
      "label": "clock in",
      "width": 12,
      "x": 12,
      "y": 56,
    },
  ],
  "lines": Array [
    Object {
      "height": 1,
      "width": 228,
      "x": 6,
      "y": 7,
    },
    Object {
      "height": 112,
      "width": 1,
      "x": 234,
      "y": 7,
    },
    Object {
      "height": 1,
      "width": 228,
      "x": 6,
      "y": 119,
    },
    Object {
      "height": 112,
      "width": 1,
      "x": 6,
      "y": 7,
    },
  ],
  "name": "CV to MIDI",
  "outputs": Array [],
  "sliders": Array [],
  "steppers": Array [
    Object {
      "height": 14,
      "id": "channel",
      "maxValue": 8,
      "minValue": 1,
      "width": 12,
      "x": 120,
      "y": 28,
    },
  ],
  "switches": Array [],
  "width": 240,
}
`;
