// Jest Snapshot v1, https://goo.gl/fbAQLP

exports[`generates correct module type descriptor 1`] = `
Object {
  "buttons": Array [],
  "category": "Inspection",
  "engine": Object {
    "config": Object {
      "numberOfPorts": 1,
    },
    "name": "buffer",
  },
  "height": 128,
  "initialState": Object {},
  "inputs": Array [
    Object {
      "height": 16,
      "id": "in:1",
      "label": "in",
      "width": 16,
      "x": 0,
      "y": 32,
    },
  ],
  "name": "MIDI Note",
  "outputs": Array [
    Object {
      "height": 16,
      "id": "out:1",
      "label": "out",
      "width": 16,
      "x": 112,
      "y": 32,
    },
  ],
  "sliders": Array [],
  "steppers": Array [],
  "width": 128,
}
`;
