// Jest Snapshot v1, https://goo.gl/fbAQLP

exports[`if compiled module matches with snapshot 1`] = `
Object {
  "byteAddress": 0,
  "functionBody": Array [
    26,
    1,
    0,
    127,
    65,
    16,
    65,
    8,
    40,
    2,
    0,
    40,
    2,
    0,
    65,
    12,
    40,
    2,
    0,
    40,
    2,
    0,
    114,
    54,
    2,
    0,
    11,
  ],
  "memoryMap": Array [
    Object {
      "address": 0,
      "byteAddress": 0,
      "default": 0,
      "id": "default1",
      "type": 5,
    },
    Object {
      "address": 1,
      "byteAddress": 4,
      "default": 0,
      "id": "default2",
      "type": 5,
    },
    Object {
      "address": 2,
      "byteAddress": 8,
      "default": 0,
      "id": "in:1",
      "type": 3,
    },
    Object {
      "address": 3,
      "byteAddress": 12,
      "default": 4,
      "id": "in:2",
      "type": 3,
    },
    Object {
      "address": 4,
      "byteAddress": 16,
      "default": 0,
      "id": "out",
      "type": 4,
    },
  ],
  "moduleId": "id",
  "wordAddress": 0,
}
`;
