// Jest Snapshot v1, https://goo.gl/fbAQLP

exports[`if compiled module matches with snapshot 1`] = `
Object {
  "byteAddress": 0,
  "functionBody": Array [
    30,
    1,
    0,
    127,
    65,
    8,
    65,
    4,
    40,
    2,
    0,
    40,
    2,
    0,
    65,
    0,
    74,
    4,
    127,
    65,
    0,
    5,
    65,
    255,
    255,
    1,
    11,
    54,
    2,
    0,
    11,
  ],
  "memoryMap": Array [
    Object {
      "address": 0,
      "byteAddress": 0,
      "default": 0,
      "id": "defaultValue",
      "type": 5,
      "usage": 0,
    },
    Object {
      "address": 1,
      "byteAddress": 4,
      "default": 0,
      "id": "in",
      "type": 3,
      "usage": 1,
    },
    Object {
      "address": 2,
      "byteAddress": 8,
      "default": 0,
      "id": "out",
      "type": 4,
      "usage": 0,
    },
  ],
  "moduleId": "id",
  "wordAddress": 0,
}
`;
