// Jest Snapshot v1, https://goo.gl/fbAQLP

exports[`funciontal tests if the generated memory map matches with the snapshot 1`] = `
Array [
  Object {
    "address": 0,
    "default": 0,
    "type": 5,
  },
  Object {
    "address": 1,
    "default": 0,
    "id": "out",
    "type": 4,
  },
  Object {
    "address": 2,
    "default": 0,
    "id": "in:1",
    "type": 3,
  },
  Object {
    "address": 3,
    "default": 0,
    "id": "in:2",
    "type": 3,
  },
  Object {
    "address": 4,
    "default": 0,
    "id": "in:3",
    "type": 3,
  },
  Object {
    "address": 5,
    "default": 0,
    "id": "in:4",
    "type": 3,
  },
]
`;

exports[`funciontal tests if the wat code matches with the snapshot 1`] = `
"(module
  (type (;0;) (func))
  (import \\"js\\" \\"memory\\" (memory (;0;) 1))
  (func (;0;) (type 0)
    (local i32)
    i32.const 4
    i32.const 8
    i32.load
    i32.load
    i32.const 12
    i32.load
    i32.load
    i32.add
    i32.const 16
    i32.load
    i32.load
    i32.add
    i32.const 20
    i32.load
    i32.load
    i32.add
    local.set 0
    local.get 0
    i32.const 32767
    i32.ge_s
    if (result i32)  ;; label = @1
      i32.const 32767
    else
      local.get 0
    end
    local.set 0
    local.get 0
    i32.const -32768
    i32.le_s
    if (result i32)  ;; label = @1
      i32.const -32768
    else
      local.get 0
    end
    i32.store)
  (export \\"test\\" (func 0)))
"
`;
