// Jest Snapshot v1, https://goo.gl/fbAQLP

exports[`offset if the generated memory map matches with the snapshot 1`] = `
Map {
  "defaultValue" => Object {
    "byteAddress": 0,
    "default": 0,
    "id": "defaultValue",
    "lineNumber": 4,
    "relativeWordAddress": 0,
    "type": 5,
    "wordSize": 1,
  },
  "in" => Object {
    "byteAddress": 4,
    "default": 0,
    "id": "in",
    "lineNumber": 5,
    "relativeWordAddress": 1,
    "type": 3,
    "wordSize": 1,
  },
  "offset" => Object {
    "byteAddress": 8,
    "default": 0,
    "id": "offset",
    "lineNumber": 6,
    "relativeWordAddress": 2,
    "type": 6,
    "wordSize": 1,
  },
  "out" => Object {
    "byteAddress": 12,
    "default": 0,
    "id": "out",
    "lineNumber": 7,
    "relativeWordAddress": 3,
    "type": 4,
    "wordSize": 1,
  },
}
`;

exports[`offset if the wat code matches with the snapshot 1`] = `
"(module
  (type (;0;) (func))
  (import \\"js\\" \\"memory\\" (memory (;0;) 1))
  (func (;0;) (type 0)
    (local i32)
    i32.const 12
    i32.const 4
    i32.load
    i32.load
    i32.const 8
    i32.load
    i32.add
    local.set 0
    local.get 0
    i32.const 32767
    i32.ge_s
    if (result i32)  ;; label = @1
      i32.const 32767
    else
      local.get 0
    end
    local.set 0
    local.get 0
    i32.const -32768
    i32.le_s
    if (result i32)  ;; label = @1
      i32.const -32768
    else
      local.get 0
    end
    i32.store)
  (export \\"test\\" (func 0)))
"
`;
