// Jest Snapshot v1, https://goo.gl/fbAQLP

exports[`triggerSequencer if the generated memory map matches with the snapshot 1`] = `
Map {
  "defaultValue" => Object {
    "byteAddress": 0,
    "default": 0,
    "id": "defaultValue",
    "lineNumber": 2,
    "relativeWordAddress": 0,
    "type": 5,
    "wordSize": 1,
  },
  "trigger" => Object {
    "byteAddress": 4,
    "default": 0,
    "id": "trigger",
    "lineNumber": 3,
    "relativeWordAddress": 1,
    "type": 3,
    "wordSize": 1,
  },
  "reset" => Object {
    "byteAddress": 8,
    "default": 0,
    "id": "reset",
    "lineNumber": 4,
    "relativeWordAddress": 2,
    "type": 3,
    "wordSize": 1,
  },
  "triggerPreviousValue" => Object {
    "byteAddress": 12,
    "default": 0,
    "id": "triggerPreviousValue",
    "lineNumber": 5,
    "relativeWordAddress": 3,
    "type": 5,
    "wordSize": 1,
  },
  "stepMinusOne" => Object {
    "byteAddress": 16,
    "default": 0,
    "id": "stepMinusOne",
    "lineNumber": 6,
    "relativeWordAddress": 4,
    "type": 5,
    "wordSize": 1,
  },
  "steps" => Object {
    "byteAddress": 20,
    "default": Array [
      0,
      0,
      0,
      0,
      0,
      0,
      0,
      0,
      0,
      0,
      0,
      0,
      0,
      0,
      0,
      0,
    ],
    "id": "steps",
    "lineNumber": 7,
    "relativeWordAddress": 5,
    "type": 0,
    "wordSize": 16,
  },
  "stepPointer" => Object {
    "byteAddress": 84,
    "default": 16,
    "id": "stepPointer",
    "lineNumber": 8,
    "relativeWordAddress": 21,
    "type": 5,
    "wordSize": 1,
  },
  "stepLength" => Object {
    "byteAddress": 88,
    "default": 4,
    "id": "stepLength",
    "lineNumber": 9,
    "relativeWordAddress": 22,
    "type": 6,
    "wordSize": 1,
  },
  "didTrigger" => Object {
    "byteAddress": 92,
    "default": 0,
    "id": "didTrigger",
    "lineNumber": 10,
    "relativeWordAddress": 23,
    "type": 5,
    "wordSize": 1,
  },
  "out" => Object {
    "byteAddress": 96,
    "default": 0,
    "id": "out",
    "lineNumber": 11,
    "relativeWordAddress": 24,
    "type": 4,
    "wordSize": 1,
  },
}
`;

exports[`triggerSequencer if the wat code matches with the snapshot 1`] = `
"(module
  (type (;0;) (func))
  (import \\"js\\" \\"memory\\" (memory (;0;) 1))
  (func (;0;) (type 0)
    (local i32)
    i32.const 84
    i32.load
    local.set 0
    i32.const 8
    i32.load
    i32.load
    i32.const 0
    i32.gt_s
    if  ;; label = @1
      i32.const 16
      local.set 0
    end
    i32.const 4
    i32.load
    i32.load
    i32.const 12
    i32.load
    i32.gt_s
    if  ;; label = @1
      i32.const 92
      i32.const 0
      i32.store
      local.get 0
      i32.const 4
      i32.add
      local.set 0
      local.get 0
      i32.const 88
      i32.load
      i32.const 4
      i32.mul
      i32.const 20
      i32.add
      i32.ge_s
      if  ;; label = @2
        i32.const 20
        local.set 0
      end
    end
    i32.const 84
    local.get 0
    i32.store
    i32.const 96
    local.get 0
    i32.load
    i32.const 0
    i32.gt_s
    if (result i32)  ;; label = @1
      i32.const 92
      i32.load
      i32.const 0
      i32.gt_s
      if (result i32)  ;; label = @2
        i32.const 0
      else
        i32.const 92
        i32.const 1
        i32.store
        i32.const 32767
      end
    else
      i32.const 0
    end
    i32.store
    i32.const 12
    i32.const 4
    i32.load
    i32.load
    i32.store)
  (export \\"test\\" (func 0)))
"
`;
