// Jest Snapshot v1, https://goo.gl/fbAQLP

exports[`generateCodeColorMap  1`] = `
Array [
  Array [
    0,
    undefined,
    undefined,
    undefined,
    1,
    undefined,
    undefined,
    2,
    undefined,
    undefined,
    undefined,
    undefined,
    undefined,
    undefined,
    undefined,
    undefined,
    4,
    undefined,
  ],
]
`;
