// Jest Snapshot v1, https://goo.gl/fbAQLP

exports[`compiler generateMemoryInitiatorFunction 1`] = `
Array [
  Array [
    9,
    0,
    65,
    12,
    65,
    1,
    54,
    2,
    0,
    11,
  ],
]
`;
