// Jest Snapshot v1, https://goo.gl/fbAQLP

exports[`triggerGenerator module if the generated memory map matches with the snapshot 1`] = `
Map {
  "counter" => Object {
    "byteAddress": 0,
    "default": 0,
    "id": "counter",
    "lineNumber": 2,
    "relativeWordAddress": 0,
    "type": 5,
    "wordSize": 1,
  },
  "rate" => Object {
    "byteAddress": 4,
    "default": 0,
    "id": "rate",
    "lineNumber": 3,
    "relativeWordAddress": 1,
    "type": 6,
    "wordSize": 1,
  },
  "out" => Object {
    "byteAddress": 8,
    "default": 0,
    "id": "out",
    "lineNumber": 4,
    "relativeWordAddress": 2,
    "type": 4,
    "wordSize": 1,
  },
  "defaultValue" => Object {
    "byteAddress": 12,
    "default": 0,
    "id": "defaultValue",
    "lineNumber": 5,
    "relativeWordAddress": 3,
    "type": 5,
    "wordSize": 1,
  },
  "reset" => Object {
    "byteAddress": 16,
    "default": 12,
    "id": "reset",
    "lineNumber": 6,
    "relativeWordAddress": 4,
    "type": 3,
    "wordSize": 1,
  },
}
`;

exports[`triggerGenerator module if the wat code matches with the snapshot 1`] = `
"(module
  (type (;0;) (func))
  (import \\"js\\" \\"memory\\" (memory (;0;) 1))
  (func (;0;) (type 0)
    (local i32 i32 i32)
    i32.const 8
    i32.load
    local.set 1
    i32.const 0
    i32.load
    local.set 0
    i32.const 4
    i32.load
    local.set 2
    i32.const 16
    i32.load
    i32.load
    i32.const 0
    i32.gt_s
    if  ;; label = @1
      i32.const 0
      local.set 0
      i32.const 0
      local.set 1
    end
    local.get 1
    i32.const 32767
    i32.ge_s
    if  ;; label = @1
      i32.const 0
      local.set 1
    end
    local.get 0
    local.get 2
    i32.ge_s
    if (result i32)  ;; label = @1
      i32.const 32767
      local.set 1
      i32.const 0
    else
      local.get 0
      i32.const 1
      i32.add
    end
    local.set 0
    i32.const 8
    local.get 1
    i32.store
    i32.const 0
    local.get 0
    i32.store)
  (export \\"test\\" (func 0)))
"
`;
