// Jest Snapshot v1, https://goo.gl/fbAQLP

exports[`abs if the generated AST, WAT and memory map match the snapshot 1`] = `
Array [
  Object {
    "arguments": Array [
      Object {
        "type": "identifier",
        "value": "branchIfUnchanged",
      },
    ],
    "instruction": "module",
    "lineNumber": 0,
  },
  Object {
    "arguments": Array [
      Object {
        "type": "identifier",
        "value": "input",
      },
    ],
    "instruction": "int",
    "lineNumber": 2,
  },
  Object {
    "arguments": Array [
      Object {
        "type": "identifier",
        "value": "output",
      },
    ],
    "instruction": "int",
    "lineNumber": 3,
  },
  Object {
    "arguments": Array [
      Object {
        "type": "identifier",
        "value": "void",
      },
    ],
    "instruction": "block",
    "lineNumber": 5,
  },
  Object {
    "arguments": Array [
      Object {
        "type": "identifier",
        "value": "input",
      },
    ],
    "instruction": "push",
    "lineNumber": 6,
  },
  Object {
    "arguments": Array [
      Object {
        "isInteger": true,
        "type": "literal",
        "value": 1,
      },
    ],
    "instruction": "branchIfUnchanged",
    "lineNumber": 7,
  },
  Object {
    "arguments": Array [
      Object {
        "type": "identifier",
        "value": "&output",
      },
    ],
    "instruction": "push",
    "lineNumber": 8,
  },
  Object {
    "arguments": Array [
      Object {
        "isInteger": true,
        "type": "literal",
        "value": 1,
      },
    ],
    "instruction": "push",
    "lineNumber": 9,
  },
  Object {
    "arguments": Array [],
    "instruction": "store",
    "lineNumber": 10,
  },
  Object {
    "arguments": Array [],
    "instruction": "blockEnd",
    "lineNumber": 11,
  },
  Object {
    "arguments": Array [],
    "instruction": "moduleEnd",
    "lineNumber": 13,
  },
]
`;

exports[`abs if the generated AST, WAT and memory map match the snapshot 2`] = `
"(module
  (type (;0;) (func))
  (import \\"js\\" \\"memory\\" (memory (;0;) 1))
  (func (;0;) (type 0)
    (local i32)
    block  ;; label = @1
      i32.const 0
      i32.load
      local.set 0
      i32.const 8
      i32.load
      local.get 0
      i32.eq
      br_if 1 (;@0;)
      i32.const 8
      local.get 0
      i32.store
      i32.const 4
      i32.const 1
      i32.store
    end)
  (export \\"test\\" (func 0)))
"
`;

exports[`abs if the generated AST, WAT and memory map match the snapshot 3`] = `
Map {
  "input" => Object {
    "byteAddress": 0,
    "default": 0,
    "elementWordSize": 4,
    "id": "input",
    "isInteger": true,
    "isPointer": false,
    "isPointingToInteger": false,
    "isPointingToPointer": false,
    "numberOfElements": 1,
    "type": "int",
    "wordAlignedAddress": 0,
    "wordAlignedSize": 1,
  },
  "output" => Object {
    "byteAddress": 4,
    "default": 0,
    "elementWordSize": 4,
    "id": "output",
    "isInteger": true,
    "isPointer": false,
    "isPointingToInteger": false,
    "isPointingToPointer": false,
    "numberOfElements": 1,
    "type": "int",
    "wordAlignedAddress": 1,
    "wordAlignedSize": 1,
  },
  "__branchIfUnchanged_previousValue7" => Object {
    "byteAddress": 8,
    "default": 0,
    "elementWordSize": 4,
    "id": "__branchIfUnchanged_previousValue7",
    "isInteger": true,
    "isPointer": false,
    "isPointingToInteger": false,
    "isPointingToPointer": false,
    "numberOfElements": 1,
    "type": "int",
    "wordAlignedAddress": 2,
    "wordAlignedSize": 1,
  },
}
`;
