// Jest Snapshot v1, https://goo.gl/fbAQLP

exports[`initBlock (int) if the generated AST, WAT and memory map match the snapshot 1`] = `
Array [
  Object {
    "arguments": Array [
      Object {
        "type": "identifier",
        "value": "ini",
      },
    ],
    "instruction": "module",
    "lineNumber": 0,
  },
  Object {
    "arguments": Array [
      Object {
        "type": "identifier",
        "value": "input",
      },
    ],
    "instruction": "int",
    "lineNumber": 2,
  },
  Object {
    "arguments": Array [
      Object {
        "type": "identifier",
        "value": "output",
      },
    ],
    "instruction": "int",
    "lineNumber": 3,
  },
  Object {
    "arguments": Array [],
    "instruction": "initBlock",
    "lineNumber": 5,
  },
  Object {
    "arguments": Array [
      Object {
        "type": "identifier",
        "value": "&output",
      },
    ],
    "instruction": "push",
    "lineNumber": 6,
  },
  Object {
    "arguments": Array [
      Object {
        "isInteger": true,
        "type": "literal",
        "value": 8,
      },
    ],
    "instruction": "push",
    "lineNumber": 7,
  },
  Object {
    "arguments": Array [],
    "instruction": "store",
    "lineNumber": 8,
  },
  Object {
    "arguments": Array [],
    "instruction": "initBlockEnd",
    "lineNumber": 9,
  },
  Object {
    "arguments": Array [],
    "instruction": "moduleEnd",
    "lineNumber": 11,
  },
]
`;

exports[`initBlock (int) if the generated AST, WAT and memory map match the snapshot 2`] = `
"(module
  (type (;0;) (func))
  (import \\"js\\" \\"memory\\" (memory (;0;) 1))
  (func (;0;) (type 0))
  (export \\"test\\" (func 0)))
"
`;

exports[`initBlock (int) if the generated AST, WAT and memory map match the snapshot 3`] = `
Map {
  "input" => Object {
    "byteAddress": 0,
    "default": 0,
    "elementWordSize": 4,
    "id": "input",
    "isInteger": true,
    "isPointer": false,
    "isPointingToInteger": false,
    "isPointingToPointer": false,
    "numberOfElements": 1,
    "type": "int",
    "wordAlignedAddress": 0,
    "wordAlignedSize": 1,
  },
  "output" => Object {
    "byteAddress": 4,
    "default": 0,
    "elementWordSize": 4,
    "id": "output",
    "isInteger": true,
    "isPointer": false,
    "isPointingToInteger": false,
    "isPointingToPointer": false,
    "numberOfElements": 1,
    "type": "int",
    "wordAlignedAddress": 1,
    "wordAlignedSize": 1,
  },
}
`;
