// Jest Snapshot v1, https://goo.gl/fbAQLP

exports[`abs  1`] = `
Array [
  33,
  0,
  32,
  0,
  65,
  0,
  72,
  4,
  127,
  65,
  0,
  32,
  0,
  107,
  5,
  32,
  0,
  11,
]
`;

exports[`abs  2`] = `
Array [
  139,
]
`;
